// Jest Snapshot v1, https://goo.gl/fbAQLP

exports[`renders date component 1`] = `"<small>undefined NaN </small>"`;
