// Jest Snapshot v1, https://goo.gl/fbAQLP

exports[`renders default component 1`] = `
"<div class=\\"container my-5\\">
  <h1>koffie time app</h1><img src=\\"logo.png\\" alt=\\"logo\\" width=\\"40\\">
</div>"
`;
