// Jest Snapshot v1, https://goo.gl/fbAQLP

exports[`renders featured-post component 1`] = `
"<div class=\\"col-sm-7\\"><a href=\\"/post\\">
    <div class=\\"featured-post-image-wrapper pb-5\\" style=\\"background-size: cover; background-repeat: no-repeat; background-position: 50% 50%; height: 350px;\\"></div>
  </a></div>
<div class=\\"col-sm-5\\">
  <div class=\\"pb-2\\"><small>undefined NaN </small> <span class=\\"dot-divider\\">Â·</span> <small></small></div><a href=\\"/post\\">
    <h2 class=\\"card-title font-weight-bold\\"></h2>
  </a>
  <div class=\\"flex flex-row flex-nowrap\\">
    <div class=\\"py-2\\">
      <div class=\\"author-avatar mr-2\\" style=\\"background-size: cover; background-repeat: no-repeat; background-position: 50% 50%; width: 36px; height: 36px;\\"></div><small class=\\"username\\"><a href=\\"/\\">@</a></small>
    </div>
  </div>
</div>"
`;
