// Jest Snapshot v1, https://goo.gl/fbAQLP

exports[`renders notfound component 1`] = `
"<div class=\\"container\\">
  <div class=\\"row\\">
    <div class=\\"col-10 mx-auto text-center text-title text-uppercase pt-5\\">
      <h1>404</h1>
      <h4>page not found</h4>
    </div>
    <div class=\\"col-10 mx-auto text-center\\">
      <h5>The requested URL <span class=\\"text-danger\\">/notfound</span> was not found.</h5>
    </div>
  </div>
</div>"
`;
