// Jest Snapshot v1, https://goo.gl/fbAQLP

exports[`renders search component 1`] = `"<div class=\\"input-group mb-3\\"><input type=\\"text\\" class=\\"form-control\\" placeholder=\\"Search posts...\\"></div>"`;
