// Jest Snapshot v1, https://goo.gl/fbAQLP

exports[`renders footer component 1`] = `"<button class=\\"sc-bdVaJa gvYZDs\\">See More</button>"`;
